probe: parser stage=lex
probe: parser lex=0
probe: parser stage=parse
probe: parser parse=52
probe: parser diag parse: expected expression
probe: parser diag parse: expected expression
probe: parser diag parse: expected expression
probe: parser diag parse: expected expression
probe: parser diag parse: expected expression
probe: parser diag parse: expected expression
probe: parser diag parse: expected expression
probe: parser diag parse: expected expression
probe: parser diag parse: expected expression
probe: parser diag parse: expected expression
probe: parser diag parse: expected expression
probe: parser diag parse: expected expression
probe: parser diag parse: expected expression
probe: parser diag parse: expected expression
probe: parser diag parse: expected expression
probe: parser diag parse: expected expression
probe: parser diag parse: expected expression
probe: parser diag parse: expected expression
probe: parser diag parse: expected expression
probe: parser diag parse: expected expression
probe: parser diag parse: expected expression
probe: parser diag parse: expected expression
probe: parser diag parse: expected expression
probe: parser diag parse: expected expression
probe: parser diag parse: expected expression
probe: parser diag parse: expected expression
probe: parser diag parse: expected RParen, got Identifier
probe: parser diag parse: expected expression
probe: parser diag parse: expected expression
probe: parser diag parse: expected expression
probe: parser diag parse: expected expression
probe: parser diag parse: expected expression
probe: parser diag parse: expected expression
probe: parser diag parse: expected expression
probe: parser diag parse: expected expression
probe: parser diag parse: expected expression
probe: parser diag parse: expected expression
probe: parser diag parse: expected expression
probe: parser diag parse: expected expression
probe: parser diag parse: expected expression
probe: parser diag parse: expected expression
probe: parser diag parse: expected expression
probe: parser diag parse: expected expression
probe: parser diag parse: expected expression
probe: parser diag parse: expected expression
probe: parser diag parse: expected expression
probe: parser diag parse: expected expression
probe: parser diag parse: expected RParen, got Identifier
probe: parser diag parse: expected expression
probe: parser diag parse: expected expression
probe: parser first=parse: expected expression
probe: parser stage=hir
probe: parser hir=0
probe: parser stage=mir
probe: parser mir=19
probe: parser diag mir: unsupported in Tier A MIR lowering: bool literal without a source token (synthesized HIR)
probe: parser diag mir: unsupported statement kind in Tier A MIR lowering: HirBreak
probe: parser diag mir: unsupported statement kind in Tier A MIR lowering: HirBreak
probe: parser diag mir: unsupported statement kind in Tier A MIR lowering: HirBreak
probe: parser diag mir: unsupported statement kind in Tier A MIR lowering: HirBreak
probe: parser diag mir: unsupported statement kind in Tier A MIR lowering: HirBreak
probe: parser diag mir: unsupported statement kind in Tier A MIR lowering: HirBreak
probe: parser diag mir: unsupported statement kind in Tier A MIR lowering: HirBreak
probe: parser diag mir: unsupported statement kind in Tier A MIR lowering: HirBreak
probe: parser diag mir: unsupported in Tier A MIR lowering: bool literal without a source token (synthesized HIR)
probe: parser diag mir: unsupported in Tier A MIR lowering: bool literal without a source token (synthesized HIR)
probe: parser diag mir: unsupported in Tier A MIR lowering: bool literal without a source token (synthesized HIR)
probe: parser diag mir: unsupported in Tier A MIR lowering: bool literal without a source token (synthesized HIR)
probe: parser diag mir: unsupported assignment target
probe: parser diag mir: unsupported in Tier A MIR lowering: bool literal without a source token (synthesized HIR)
probe: parser diag mir: unsupported in Tier A MIR lowering: bool literal without a source token (synthesized HIR)
probe: parser diag mir: unsupported in Tier A MIR lowering: bool literal without a source token (synthesized HIR)
probe: parser diag mir: unsupported in Tier A MIR lowering: bool literal without a source token (synthesized HIR)
probe: parser diag mir: unsupported in Tier A MIR lowering: bool literal without a source token (synthesized HIR)
probe: parser stage=llvm
=== bootstrap/llvm: Tier A LLVM backend ===

PASS minimal_define
PASS let_store_load
PASS int_arithmetic
PASS int_comparison
PASS param_seeding
PASS extern_declare
PASS call_extern
PASS if_else_cfg
PASS while_cfg
PASS string_global
PASS deterministic_repeat
PASS struct_field_read
PASS struct_construction
PASS struct_call_arg
PASS struct_return
PASS nested_struct_registration
PASS write_ll_artifact (lowering ok)
dao panic: Vector.get: index out of bounds
timeout: the monitored command dumped core
