probe: graph stage=lex
probe: graph lex=0
probe: graph stage=parse
probe: graph parse=57
probe: graph diag parse: expected expression
probe: graph diag parse: expected expression
probe: graph diag parse: expected expression
probe: graph diag parse: expected expression
probe: graph diag parse: expected expression
probe: graph diag parse: expected expression
probe: graph diag parse: expected expression
probe: graph diag parse: expected expression
probe: graph diag parse: expected expression
probe: graph diag parse: expected expression
probe: graph diag parse: expected expression
probe: graph diag parse: expected expression
probe: graph diag parse: expected expression
probe: graph diag parse: expected expression
probe: graph diag parse: expected expression
probe: graph diag parse: expected expression
probe: graph diag parse: expected expression
probe: graph diag parse: expected expression
probe: graph diag parse: expected expression
probe: graph diag parse: expected expression
probe: graph diag parse: expected expression
probe: graph diag parse: expected expression
probe: graph diag parse: expected expression
probe: graph diag parse: expected expression
probe: graph diag parse: expected expression
probe: graph diag parse: expected expression
probe: graph diag parse: expected RParen, got Identifier
probe: graph diag parse: expected expression
probe: graph diag parse: expected expression
probe: graph diag parse: expected expression
probe: graph diag parse: expected expression
probe: graph diag parse: expected expression
probe: graph diag parse: expected expression
probe: graph diag parse: expected expression
probe: graph diag parse: expected expression
probe: graph diag parse: expected expression
probe: graph diag parse: expected expression
probe: graph diag parse: expected expression
probe: graph diag parse: expected expression
probe: graph diag parse: expected expression
probe: graph diag parse: expected expression
probe: graph diag parse: expected expression
probe: graph diag parse: expected expression
probe: graph diag parse: expected expression
probe: graph diag parse: expected expression
probe: graph diag parse: expected expression
probe: graph diag parse: expected expression
probe: graph diag parse: expected expression
probe: graph diag parse: expected expression
probe: graph diag parse: expected expression
probe: graph first=parse: expected expression
probe: graph stage=hir
probe: graph hir=0
probe: graph stage=mir
probe: graph mir=16
probe: graph diag mir: unsupported in Tier A MIR lowering: bool literal without a source token (synthesized HIR)
probe: graph diag mir: unsupported statement kind in Tier A MIR lowering: HirBreak
probe: graph diag mir: unsupported statement kind in Tier A MIR lowering: HirBreak
probe: graph diag mir: unsupported statement kind in Tier A MIR lowering: HirBreak
probe: graph diag mir: unsupported statement kind in Tier A MIR lowering: HirBreak
probe: graph diag mir: unsupported statement kind in Tier A MIR lowering: HirBreak
probe: graph diag mir: unsupported statement kind in Tier A MIR lowering: HirBreak
probe: graph diag mir: unsupported statement kind in Tier A MIR lowering: HirBreak
probe: graph diag mir: unsupported statement kind in Tier A MIR lowering: HirBreak
probe: graph diag mir: unsupported in Tier A MIR lowering: bool literal without a source token (synthesized HIR)
probe: graph diag mir: unsupported in Tier A MIR lowering: bool literal without a source token (synthesized HIR)
probe: graph diag mir: unsupported in Tier A MIR lowering: bool literal without a source token (synthesized HIR)
probe: graph diag mir: unsupported in Tier A MIR lowering: bool literal without a source token (synthesized HIR)
probe: graph diag mir: unsupported assignment target
probe: graph diag mir: unsupported in Tier A MIR lowering: bool literal without a source token (synthesized HIR)
probe: graph diag mir: unsupported in Tier A MIR lowering: bool literal without a source token (synthesized HIR)
probe: graph stage=llvm
=== bootstrap/llvm: Tier A LLVM backend ===

PASS minimal_define
PASS let_store_load
PASS int_arithmetic
PASS int_comparison
PASS param_seeding
PASS extern_declare
PASS call_extern
PASS if_else_cfg
PASS while_cfg
PASS string_global
PASS deterministic_repeat
PASS struct_field_read
PASS struct_construction
PASS struct_call_arg
PASS struct_return
PASS nested_struct_registration
PASS write_ll_artifact (lowering ok)
dao panic: Vector.get: index out of bounds
timeout: the monitored command dumped core
