probe: mir stage=lex
probe: mir lex=0
probe: mir stage=parse
probe: mir parse=285
probe: mir diag parse: expected expression
probe: mir diag parse: expected expression
probe: mir diag parse: expected expression
probe: mir diag parse: expected expression
probe: mir diag parse: expected expression
probe: mir diag parse: expected expression
probe: mir diag parse: expected expression
probe: mir diag parse: expected expression
probe: mir diag parse: expected expression
probe: mir diag parse: expected expression
probe: mir diag parse: expected expression
probe: mir diag parse: expected expression
probe: mir diag parse: expected expression
probe: mir diag parse: expected expression
probe: mir diag parse: expected expression
probe: mir diag parse: expected expression
probe: mir diag parse: expected expression
probe: mir diag parse: expected expression
probe: mir diag parse: expected expression
probe: mir diag parse: expected expression
probe: mir diag parse: expected expression
probe: mir diag parse: expected expression
probe: mir diag parse: expected expression
probe: mir diag parse: expected expression
probe: mir diag parse: expected expression
probe: mir diag parse: expected expression
probe: mir diag parse: expected RParen, got Identifier
probe: mir diag parse: expected expression
probe: mir diag parse: expected expression
probe: mir diag parse: expected expression
probe: mir diag parse: expected expression
probe: mir diag parse: expected expression
probe: mir diag parse: expected expression
probe: mir diag parse: expected expression
probe: mir diag parse: expected expression
probe: mir diag parse: expected expression
probe: mir diag parse: expected expression
probe: mir diag parse: expected expression
probe: mir diag parse: expected expression
probe: mir diag parse: expected expression
probe: mir diag parse: expected expression
probe: mir diag parse: expected expression
probe: mir diag parse: expected expression
probe: mir diag parse: expected expression
probe: mir diag parse: expected expression
probe: mir diag parse: expected expression
probe: mir diag parse: expected expression
probe: mir diag parse: expected RParen, got Identifier
probe: mir diag parse: expected RParen, got Identifier
probe: mir diag parse: expected expression
probe: mir first=parse: expected expression
probe: mir stage=hir
dao panic: allocation failed (size=262144, align=8)
timeout: the monitored command dumped core
