probe: hir stage=lex
probe: hir lex=0
probe: hir stage=parse
probe: hir parse=253
probe: hir diag parse: expected expression
probe: hir diag parse: expected expression
probe: hir diag parse: expected expression
probe: hir diag parse: expected expression
probe: hir diag parse: expected expression
probe: hir diag parse: expected expression
probe: hir diag parse: expected expression
probe: hir diag parse: expected expression
probe: hir diag parse: expected expression
probe: hir diag parse: expected expression
probe: hir diag parse: expected expression
probe: hir diag parse: expected expression
probe: hir diag parse: expected expression
probe: hir diag parse: expected expression
probe: hir diag parse: expected expression
probe: hir diag parse: expected expression
probe: hir diag parse: expected expression
probe: hir diag parse: expected expression
probe: hir diag parse: expected expression
probe: hir diag parse: expected expression
probe: hir diag parse: expected expression
probe: hir diag parse: expected expression
probe: hir diag parse: expected expression
probe: hir diag parse: expected expression
probe: hir diag parse: expected expression
probe: hir diag parse: expected expression
probe: hir diag parse: expected RParen, got Identifier
probe: hir diag parse: expected expression
probe: hir diag parse: expected expression
probe: hir diag parse: expected expression
probe: hir diag parse: expected expression
probe: hir diag parse: expected expression
probe: hir diag parse: expected expression
probe: hir diag parse: expected expression
probe: hir diag parse: expected expression
probe: hir diag parse: expected expression
probe: hir diag parse: expected expression
probe: hir diag parse: expected expression
probe: hir diag parse: expected expression
probe: hir diag parse: expected expression
probe: hir diag parse: expected expression
probe: hir diag parse: expected expression
probe: hir diag parse: expected expression
probe: hir diag parse: expected expression
probe: hir diag parse: expected expression
probe: hir diag parse: expected expression
probe: hir diag parse: expected expression
probe: hir diag parse: expected RParen, got Identifier
probe: hir diag parse: expected RParen, got Identifier
probe: hir diag parse: expected expression
probe: hir first=parse: expected expression
probe: hir stage=hir
probe: hir hir=0
probe: hir stage=mir
dao panic: allocation failed (size=65536, align=4)
timeout: the monitored command dumped core
